Processing dataset...
Done!
DEBUG:root:* Initialize Output
  ...generate file name results/MEA_Allegro_0/example/log
  ...open log file results/MEA_Allegro_0/example/log
  ...generate file name results/MEA_Allegro_0/example/metrics_epoch.csv
  ...open log file results/MEA_Allegro_0/example/metrics_epoch.csv
  ...generate file name results/MEA_Allegro_0/example/metrics_initialization.csv
  ...open log file results/MEA_Allegro_0/example/metrics_initialization.csv
  ...generate file name results/MEA_Allegro_0/example/metrics_batch_train.csv
  ...open log file results/MEA_Allegro_0/example/metrics_batch_train.csv
  ...generate file name results/MEA_Allegro_0/example/metrics_batch_val.csv
  ...open log file results/MEA_Allegro_0/example/metrics_batch_val.csv
  ...generate file name results/MEA_Allegro_0/example/best_model.pth
  ...generate file name results/MEA_Allegro_0/example/last_model.pth
  ...generate file name results/MEA_Allegro_0/example/trainer.pth
  ...generate file name results/MEA_Allegro_0/example/config.yaml
Torch device: cuda:0
instantiate Loss
...Loss_param = dict(
...   optional_args = {'coeff_schedule': 'constant'},
...   positional_args = {'coeffs': {'forces': 1.0, 'total_energy': [1.0, 'PerAtomMSELoss']}})
instantiate MSELoss
...MSELoss_param = dict(
...   optional_args = {'size_average': None, 'reduce': None},
...   positional_args = {'reduction': 'none'})
 parsing forces 1.0
 parsing 1.0 MSELoss
instantiate MSELoss
...MSELoss_param = dict(
...   optional_args = {'size_average': None, 'reduce': None},
...   positional_args = {'reduction': 'none'})
 parsing total_energy [1.0, 'PerAtomMSELoss']
 parsing 1.0 PerAtomMSELoss
create loss instance <class 'nequip.train._loss.PerAtomLoss'>
instantiate MSELoss
...MSELoss_param = dict(
...   optional_args = {'size_average': None, 'reduce': None},
...   positional_args = {'reduction': 'none'})
Building ETN model...
instantiate PairTypeEmbedding
        all_args :                                           num_types
...PairTypeEmbedding_param = dict(
...   optional_args = {'num_types': 4},
...   positional_args = {'irreps_in': None})
instantiate OneHotAtomEncoding
        all_args :                                           num_types
...OneHotAtomEncoding_param = dict(
...   optional_args = {'set_features': True, 'num_types': 4},
...   positional_args = {'irreps_in': {'pos': 1x1oe, 'edge_index': None, 'edge_types': 1x0ee}})
instantiate RadialBasisEdgeEncoding
        all_args :                                  basis_kwargs.r_max <-                                              r_max
        all_args :            basis_kwargs.original_basis_kwargs.r_max <-                                              r_max
        all_args :        basis_kwargs.original_basis_kwargs.trainable <-                              BesselBasis_trainable
        all_args :                                 cutoff_kwargs.r_max <-                                              r_max
        all_args :                                     cutoff_kwargs.p <-                                 PolynomialCutoff_p
   optional_args :                                               basis
   optional_args :                                           out_field
...RadialBasisEdgeEncoding_param = dict(
...   optional_args = {'basis': <class 'allegro.nn._norm_basis.NormalizedBasis'>, 'cutoff': <class 'nequip.nn.cutoffs.PolynomialCutoff'>, 'basis_kwargs': {'r_min': 0.0, 'original_basis': <class 'nequip.nn.radial_basis.BesselBasis'>, 'original_basis_kwargs': {'num_basis': 8, 'trainable': True, 'r_max': 5.0}, 'n': 4000, 'norm_basis_mean_shift': True, 'r_max': 5.0}, 'cutoff_kwargs': {'p': 5, 'r_max': 5.0}, 'out_field': 'edge_embedding'},
...   positional_args = {'irreps_in': {'pos': 1x1oe, 'edge_index': None, 'edge_types': 1x0ee, 'node_attrs': 4x0ee, 'node_features': 4x0ee}})
instantiate SphericalHarmonicEdgeAttrs
        all_args :                                      irreps_edge_sh
...SphericalHarmonicEdgeAttrs_param = dict(
...   optional_args = {'edge_sh_normalization': 'component', 'edge_sh_normalize': True, 'out_field': 'edge_attrs', 'irreps_edge_sh': '1x0ee+1x1oe+1x2ee'},
...   positional_args = {'irreps_in': {'pos': 1x1oe, 'edge_index': None, 'edge_types': 1x0ee, 'node_attrs': 4x0ee, 'node_features': 4x0ee, 'edge_embedding': 8x0ee, 'edge_cutoff': 1x0ee}})
instantiate ETN_ALS_A_B_Module_opt
        all_args :                                           num_types
        all_args :                                          N_rank_ett
        all_args :                                         N_rank_spec
        all_args :                                   avg_num_neighbors
        all_args :                                                   d
        all_args :                                                  Nc
   optional_args :                                           out_field
...ETN_ALS_A_B_Module_opt_param = dict(
...   optional_args = {'Nc': 8, 'num_types': 4, 'num_basis': 8, 'N_rank_spec': 4, 'avg_num_neighbors': 26.18090057373047, 'normalize_edge_features_f': True, 'out_field': 'atomic_energy', 'd': 5, 'N_rank_ett': [8, 8, 8, 8]},
...   positional_args = {'irreps_in': {'pos': 1x1oe, 'edge_index': None, 'edge_types': 1x0ee, 'node_attrs': 4x0ee, 'node_features': 4x0ee, 'edge_embedding': 8x0ee, 'edge_cutoff': 1x0ee, 'edge_attrs': 1x0ee+1x1oe+1x2ee}})
/pscratch/sd/v/vladygin/doped-Si_project/MLFF_TDEP/testbench/lib/python3.10/site-packages/torch/jit/_check.py:178: UserWarning: The TorchScript type system doesn't support instance-level annotations on empty non-base types in `__init__`. Instead, either 1) use a type annotation in the class body, or 2) wrap the type in `torch.jit.Attribute`.
  warnings.warn(
/pscratch/sd/v/vladygin/doped-Si_project/MLFF_TDEP/testbench/lib/python3.10/site-packages/torch/jit/_check.py:178: UserWarning: The TorchScript type system doesn't support instance-level annotations on empty non-base types in `__init__`. Instead, either 1) use a type annotation in the class body, or 2) wrap the type in `torch.jit.Attribute`.
  warnings.warn(
/pscratch/sd/v/vladygin/doped-Si_project/MLFF_TDEP/testbench/lib/python3.10/site-packages/torch/jit/_check.py:178: UserWarning: The TorchScript type system doesn't support instance-level annotations on empty non-base types in `__init__`. Instead, either 1) use a type annotation in the class body, or 2) wrap the type in `torch.jit.Attribute`.
  warnings.warn(
/pscratch/sd/v/vladygin/doped-Si_project/MLFF_TDEP/testbench/lib/python3.10/site-packages/torch/jit/_check.py:178: UserWarning: The TorchScript type system doesn't support instance-level annotations on empty non-base types in `__init__`. Instead, either 1) use a type annotation in the class body, or 2) wrap the type in `torch.jit.Attribute`.
  warnings.warn(
/pscratch/sd/v/vladygin/doped-Si_project/MLFF_TDEP/testbench/lib/python3.10/site-packages/torch/jit/_check.py:178: UserWarning: The TorchScript type system doesn't support instance-level annotations on empty non-base types in `__init__`. Instead, either 1) use a type annotation in the class body, or 2) wrap the type in `torch.jit.Attribute`.
  warnings.warn(
/pscratch/sd/v/vladygin/doped-Si_project/MLFF_TDEP/testbench/lib/python3.10/site-packages/torch/jit/_check.py:178: UserWarning: The TorchScript type system doesn't support instance-level annotations on empty non-base types in `__init__`. Instead, either 1) use a type annotation in the class body, or 2) wrap the type in `torch.jit.Attribute`.
  warnings.warn(
/pscratch/sd/v/vladygin/doped-Si_project/MLFF_TDEP/testbench/lib/python3.10/site-packages/torch/jit/_check.py:178: UserWarning: The TorchScript type system doesn't support instance-level annotations on empty non-base types in `__init__`. Instead, either 1) use a type annotation in the class body, or 2) wrap the type in `torch.jit.Attribute`.
  warnings.warn(
/pscratch/sd/v/vladygin/doped-Si_project/MLFF_TDEP/testbench/lib/python3.10/site-packages/torch/jit/_check.py:178: UserWarning: The TorchScript type system doesn't support instance-level annotations on empty non-base types in `__init__`. Instead, either 1) use a type annotation in the class body, or 2) wrap the type in `torch.jit.Attribute`.
  warnings.warn(
instantiate AtomwiseReduce
   optional_args :                                               field
   optional_args :                                              reduce
   optional_args :                                           out_field
...AtomwiseReduce_param = dict(
...   optional_args = {'out_field': 'total_energy', 'reduce': 'sum', 'avg_num_atoms': None, 'field': 'atomic_energy'},
...   positional_args = {'irreps_in': {'pos': 1x1oe, 'edge_index': None, 'edge_types': 1x0ee, 'node_attrs': 4x0ee, 'node_features': 4x0ee, 'edge_embedding': 8x0ee, 'edge_cutoff': 1x0ee, 'edge_attrs': 1x0ee+1x1oe+1x2ee, 'node_features_ETN': 8x0ee+8x1oe+8x2ee, 'atomic_energy': 1x0ee}})
Replace string dataset_forces_rms to 0.8583643436431885
Replace string dataset_per_atom_total_energy_mean to -11.41569709777832
Atomic outputs are scaled by: [Nb, Mo, Ta, W: 0.858364], shifted by [Nb, Mo, Ta, W: -11.415697].
instantiate PerSpeciesScaleShift
        all_args :                                           num_types
        all_args :                                       default_dtype
        all_args :                                          type_names
   optional_args :                                               field
   optional_args :                                              shifts
   optional_args :                                           out_field
   optional_args :                          arguments_in_dataset_units
   optional_args :                                              scales
...PerSpeciesScaleShift_param = dict(
...   optional_args = {'out_field': 'atomic_energy', 'scales_trainable': False, 'shifts_trainable': False, 'default_dtype': 'float32', 'num_types': 4, 'type_names': ['Nb', 'Mo', 'Ta', 'W'], 'field': 'atomic_energy', 'shifts': tensor(-11.4157), 'scales': tensor(0.8584), 'arguments_in_dataset_units': True},
...   positional_args = {'irreps_in': {'pos': 1x1oe, 'edge_index': None, 'edge_types': 1x0ee, 'node_attrs': 4x0ee, 'node_features': 4x0ee, 'edge_embedding': 8x0ee, 'edge_cutoff': 1x0ee, 'edge_attrs': 1x0ee+1x1oe+1x2ee, 'node_features_ETN': 8x0ee+8x1oe+8x2ee, 'atomic_energy': 1x0ee}})
Replace string dataset_forces_rms to 0.8583643436431885
Initially outputs are globally scaled by: 0.8583643436431885, total_energy are globally shifted by None.
PerSpeciesScaleShift's arguments were in dataset units; rescaling:
  Original scales: [Nb: 0.858364, Mo: 0.858364, Ta: 0.858364, W: 0.858364] shifts: [Nb: -11.415697, Mo: -11.415697, Ta: -11.415697, W: -11.415697]
  New scales: [Nb: 1.000000, Mo: 1.000000, Ta: 1.000000, W: 1.000000] shifts: [Nb: -13.299361, Mo: -13.299361, Ta: -13.299361, W: -13.299361]
Number of weights: 22088
Number of trainable weights: 22088
instantiate Adam
        all_args :                                               betas <-                             optimizer_params.betas
        all_args :                                        weight_decay <-                      optimizer_params.weight_decay
        all_args :                                             amsgrad <-                           optimizer_params.amsgrad
        all_args :                                                 eps <-                               optimizer_params.eps
...Adam_param = dict(
...   optional_args = {'betas': (0.9, 0.999), 'eps': 1e-08, 'weight_decay': 0.0, 'amsgrad': False, 'foreach': None, 'maximize': False, 'capturable': False, 'differentiable': False, 'fused': None},
...   positional_args = {'params': <generator object Module.parameters at 0x7fc2087dc2e0>, 'lr': 0.001})
instantiate ReduceLROnPlateau
        all_args :                                              factor <-                                lr_scheduler_factor
        all_args :                                            patience <-                              lr_scheduler_patience
...ReduceLROnPlateau_param = dict(
...   optional_args = {'mode': 'min', 'factor': 0.5, 'patience': 50, 'threshold': 0.0001, 'threshold_mode': 'rel', 'cooldown': 0, 'min_lr': 0, 'eps': 1e-08, 'verbose': 'deprecated'},
...   positional_args = {'optimizer': Adam (
Parameter Group 0
    amsgrad: False
    betas: (0.9, 0.999)
    capturable: False
    differentiable: False
    eps: 1e-08
    foreach: None
    fused: None
    lr: 0.001
    maximize: False
    weight_decay: 0.0
)})
get args for EarlyStopping
        all_args :                                           patiences <-                           early_stopping_patiences
        all_args :                                        lower_bounds <-                        early_stopping_lower_bounds
        all_args :                                        upper_bounds <-                        early_stopping_upper_bounds
...EarlyStopping_param = dict(
...   optional_args = {'lower_bounds': {'LR': 1e-05}, 'upper_bounds': {'cumulative_wall': 604800.0}, 'patiences': {'validation_loss': 100}, 'delta': {}, 'cumulative_delta': False},
...   positional_args = {})
! Starting training ...
Saved trainer to results/MEA_Allegro_0/example/trainer.pth
Saved last model to to results/MEA_Allegro_0/example/last_model.pth
instantiate Metrics
...Metrics_param = dict(
...   optional_args = {},
...   positional_args = {'components': [['forces', 'mae'], ['forces', 'rmse'], ['total_energy', 'mae'], ['total_energy', 'mae', {'PerAtom': True}]]})
instantiate L1Loss
...L1Loss_param = dict(
...   optional_args = {'size_average': None, 'reduce': None},
...   positional_args = {'reduction': 'none'})
instantiate L1Loss
...L1Loss_param = dict(
...   optional_args = {'size_average': None, 'reduce': None},
...   positional_args = {'reduction': 'none'})
instantiate L1Loss
...L1Loss_param = dict(
...   optional_args = {'size_average': None, 'reduce': None},
...   positional_args = {'reduction': 'none'})
instantiate L1Loss
...L1Loss_param = dict(
...   optional_args = {'size_average': None, 'reduce': None},
...   positional_args = {'reduction': 'none'})

validation
# Epoch batch         loss       loss_f       loss_e        f_mae       f_rmse        e_mae      e/N_mae
      0   100         2.43         1.77        0.657        0.673         1.14         21.2        0.526


  Initialization     #    Epoch      wal       LR       loss_f       loss_e         loss        f_mae       f_rmse        e_mae      e/N_mae
! Initial Validation          0    5.445    0.001        0.894        0.849         1.74        0.485        0.908         15.2        0.647
Wall time: 5.4454742050147615
! Best model        0    1.743
Saved trainer to results/MEA_Allegro_0/example/trainer.pth
Saved last model to to results/MEA_Allegro_0/example/last_model.pth

training
# Epoch batch         loss       loss_f       loss_e        f_mae       f_rmse        e_mae      e/N_mae
      1   100         1.17        0.689        0.484        0.409        0.713         5.96        0.448
      1   200        0.597        0.139        0.458        0.217         0.32         12.5        0.439
      1   300        0.848       0.0862        0.762        0.152        0.252         4.98        0.491
      1   400        0.717        0.634       0.0833        0.436        0.683         5.14        0.187
      1   500        0.241       0.0727        0.168        0.168        0.231         5.26        0.253

validation
# Epoch batch         loss       loss_f       loss_e        f_mae       f_rmse        e_mae      e/N_mae
      1   100        0.189         0.15       0.0385        0.224        0.333         2.22         0.11


  Train      #    Epoch      wal       LR       loss_f       loss_e         loss        f_mae       f_rmse        e_mae      e/N_mae
! Train               1   36.208    0.001        0.474        0.338        0.812        0.341        0.636         8.46        0.349
! Validation          1   36.208    0.001        0.334       0.0901        0.424        0.323        0.589         4.74        0.185
Wall time: 36.20890196599066
! Best model        1    0.424
Saved trainer to results/MEA_Allegro_0/example/trainer.pth
Saved last model to to results/MEA_Allegro_0/example/last_model.pth

training
# Epoch batch         loss       loss_f       loss_e        f_mae       f_rmse        e_mae      e/N_mae
      2   100       0.0499       0.0356       0.0143       0.0979        0.162          1.2       0.0753
      2   200       0.0504       0.0342       0.0163       0.0995        0.159          1.3       0.0914
      2   300       0.0534       0.0444      0.00905        0.119        0.181         1.03       0.0697
      2   400        0.263        0.191       0.0722        0.251        0.375         3.29        0.153
      2   500       0.0539       0.0441      0.00981        0.111         0.18         1.38       0.0587

validation
# Epoch batch         loss       loss_f       loss_e        f_mae       f_rmse        e_mae      e/N_mae
      2   100       0.0923       0.0843      0.00796        0.172        0.249         1.41       0.0592


  Train      #    Epoch      wal       LR       loss_f       loss_e         loss        f_mae       f_rmse        e_mae      e/N_mae
! Train               2   64.438    0.001        0.223       0.0508        0.274        0.245        0.446         3.72        0.132
! Validation          2   64.438    0.001          0.2       0.0458        0.245         0.25        0.457          3.6        0.119
Wall time: 64.43841511599021
! Best model        2    0.245
Saved trainer to results/MEA_Allegro_0/example/trainer.pth
Saved last model to to results/MEA_Allegro_0/example/last_model.pth

training
# Epoch batch         loss       loss_f       loss_e        f_mae       f_rmse        e_mae      e/N_mae
      3   100       0.0718       0.0608        0.011        0.124        0.212         1.01       0.0652
      3   200       0.0698       0.0528        0.017        0.109        0.197        0.836       0.0818
      3   300         0.27        0.228        0.042        0.262        0.409         6.18         0.14
      3   400        0.142        0.132      0.00994        0.179        0.312          1.4       0.0665
      3   500       0.0427       0.0408      0.00193        0.115        0.173        0.601       0.0335

validation
# Epoch batch         loss       loss_f       loss_e        f_mae       f_rmse        e_mae      e/N_mae
      3   100        0.063       0.0614      0.00161        0.146        0.213        0.635       0.0279


  Train      #    Epoch      wal       LR       loss_f       loss_e         loss        f_mae       f_rmse        e_mae      e/N_mae
! Train               3   89.201    0.001        0.144       0.0349        0.179          0.2        0.354         3.17        0.102
! Validation          3   89.201    0.001        0.137       0.0318        0.169         0.21        0.376            3       0.0929
Wall time: 89.20121915999334
! Best model        3    0.169
Saved trainer to results/MEA_Allegro_0/example/trainer.pth
Saved last model to to results/MEA_Allegro_0/example/last_model.pth

training
# Epoch batch         loss       loss_f       loss_e        f_mae       f_rmse        e_mae      e/N_mae
      4   100       0.0888       0.0743       0.0146        0.147        0.234         1.02       0.0832
      4   200        0.249        0.217       0.0321        0.264          0.4          3.7        0.085
      4   300       0.0572       0.0255       0.0317       0.0869        0.137         2.14        0.131
      4   400        0.124         0.12      0.00418        0.185        0.298         1.36       0.0393
      4   500       0.0438       0.0308       0.0129        0.111        0.151         2.41       0.0561

validation
# Epoch batch         loss       loss_f       loss_e        f_mae       f_rmse        e_mae      e/N_mae
      4   100       0.0507       0.0493      0.00137        0.129        0.191        0.468       0.0234


  Train      #    Epoch      wal       LR       loss_f       loss_e         loss        f_mae       f_rmse        e_mae      e/N_mae
! Train               4  115.509    0.001        0.109       0.0249        0.133        0.176        0.309         2.65       0.0831
! Validation          4  115.509    0.001        0.107       0.0214        0.129        0.187        0.332         2.42        0.072
Wall time: 115.50966089701978
! Best model        4    0.129
Saved trainer to results/MEA_Allegro_0/example/trainer.pth
Saved last model to to results/MEA_Allegro_0/example/last_model.pth

training
# Epoch batch         loss       loss_f       loss_e        f_mae       f_rmse        e_mae      e/N_mae
      5   100        0.528        0.509       0.0199        0.388        0.612         3.94        0.086
      5   200       0.0478       0.0183       0.0295       0.0744        0.116         3.19       0.0825
      5   300       0.0275       0.0247      0.00283       0.0834        0.135        0.664       0.0421
      5   400       0.0294       0.0187       0.0108       0.0807        0.117        0.892        0.072
      5   500       0.0205       0.0191      0.00142        0.077        0.118        0.581        0.024

validation
# Epoch batch         loss       loss_f       loss_e        f_mae       f_rmse        e_mae      e/N_mae
      5   100       0.0438       0.0422      0.00159        0.118        0.176        0.597       0.0276


  Train      #    Epoch      wal       LR       loss_f       loss_e         loss        f_mae       f_rmse        e_mae      e/N_mae
! Train               5  144.080    0.001       0.0929       0.0187        0.112        0.162        0.283         2.29       0.0712
! Validation          5  144.080    0.001       0.0901       0.0147        0.105        0.172        0.303         2.08       0.0603
Wall time: 144.0814782870002
! Best model        5    0.105
Saved trainer to results/MEA_Allegro_0/example/trainer.pth
Saved last model to to results/MEA_Allegro_0/example/last_model.pth

training
# Epoch batch         loss       loss_f       loss_e        f_mae       f_rmse        e_mae      e/N_mae
      6   100       0.0152       0.0115      0.00372       0.0511        0.092        0.441       0.0359
      6   200       0.0422       0.0257       0.0165       0.0902        0.138         2.16       0.0564
      6   300        0.074       0.0643      0.00965        0.143        0.218         3.22       0.0623
      6   400        0.192        0.187      0.00481        0.198        0.371        0.675       0.0417
      6   500       0.0855       0.0787      0.00675        0.148        0.241          1.5       0.0504

validation
# Epoch batch         loss       loss_f       loss_e        f_mae       f_rmse        e_mae      e/N_mae
      6   100       0.0398       0.0382       0.0016         0.11        0.168        0.525       0.0266


  Train      #    Epoch      wal       LR       loss_f       loss_e         loss        f_mae       f_rmse        e_mae      e/N_mae
! Train               6  173.831    0.001       0.0797       0.0138       0.0935         0.15        0.263         1.96         0.06
! Validation          6  173.831    0.001       0.0781      0.00982       0.0879         0.16        0.281         1.79       0.0524
Wall time: 173.83141768100904
! Best model        6    0.088
Saved trainer to results/MEA_Allegro_0/example/trainer.pth
Saved last model to to results/MEA_Allegro_0/example/last_model.pth

training
# Epoch batch         loss       loss_f       loss_e        f_mae       f_rmse        e_mae      e/N_mae
      7   100       0.0678       0.0632       0.0046        0.138        0.216         1.53       0.0388
      7   200        0.046       0.0426      0.00341        0.116        0.177         1.16       0.0366
      7   300       0.0151      0.00915      0.00594       0.0549       0.0821         1.47       0.0557
      7   400       0.0874       0.0774         0.01        0.152        0.239         2.27       0.0579
      7   500       0.0437       0.0236       0.0201        0.099        0.132         3.18       0.0794

validation
# Epoch batch         loss       loss_f       loss_e        f_mae       f_rmse        e_mae      e/N_mae
      7   100       0.0373       0.0355      0.00184        0.105        0.162        0.593       0.0291


  Train      #    Epoch      wal       LR       loss_f       loss_e         loss        f_mae       f_rmse        e_mae      e/N_mae
! Train               7  202.599    0.001       0.0718       0.0116       0.0834        0.141        0.248         1.79       0.0562
! Validation          7  202.599    0.001       0.0688      0.00747       0.0763        0.149        0.264          1.6       0.0471
Wall time: 202.5993984109955
! Best model        7    0.076
Saved trainer to results/MEA_Allegro_0/example/trainer.pth
Saved last model to to results/MEA_Allegro_0/example/last_model.pth

training
# Epoch batch         loss       loss_f       loss_e        f_mae       f_rmse        e_mae      e/N_mae
      8   100        0.126         0.12      0.00536        0.153        0.298         1.45       0.0313
      8   200       0.0349       0.0265      0.00845        0.095         0.14         1.47       0.0441
      8   300        0.132        0.124      0.00767        0.199        0.303         1.55       0.0498
      8   400       0.0326       0.0115       0.0211       0.0601       0.0919        0.599        0.086
      8   500       0.0138       0.0103      0.00347       0.0558       0.0872        0.738       0.0403

validation
# Epoch batch         loss       loss_f       loss_e        f_mae       f_rmse        e_mae      e/N_mae
      8   100        0.033       0.0312      0.00181       0.0996        0.152        0.442       0.0256


  Train      #    Epoch      wal       LR       loss_f       loss_e         loss        f_mae       f_rmse        e_mae      e/N_mae
! Train               8  230.104    0.001       0.0638       0.0101       0.0739        0.133        0.235         1.59       0.0504
! Validation          8  230.104    0.001       0.0619      0.00591       0.0678        0.141         0.25         1.41       0.0416
Wall time: 230.1049470040016
! Best model        8    0.068
Saved trainer to results/MEA_Allegro_0/example/trainer.pth
Saved last model to to results/MEA_Allegro_0/example/last_model.pth

training
# Epoch batch         loss       loss_f       loss_e        f_mae       f_rmse        e_mae      e/N_mae
      9   100       0.0488       0.0397      0.00916        0.121        0.171         1.73       0.0557
      9   200       0.0464       0.0433      0.00314        0.114        0.179         1.14       0.0365
      9   300      0.00319       0.0023     0.000887       0.0228       0.0412        0.341       0.0213
      9   400       0.0126      0.00676       0.0058       0.0344       0.0706        0.698       0.0508
      9   500      0.00897      0.00668      0.00229       0.0437       0.0701        0.504       0.0276

validation
# Epoch batch         loss       loss_f       loss_e        f_mae       f_rmse        e_mae      e/N_mae
      9   100       0.0311       0.0292      0.00191       0.0934        0.147        0.436       0.0253


  Train      #    Epoch      wal       LR       loss_f       loss_e         loss        f_mae       f_rmse        e_mae      e/N_mae
! Train               9  266.505    0.001       0.0567      0.00872       0.0655        0.126        0.224         1.47       0.0475
! Validation          9  266.505    0.001       0.0563      0.00501       0.0613        0.133        0.238         1.28       0.0391
Wall time: 266.5069219439756
! Best model        9    0.061
Saved trainer to results/MEA_Allegro_0/example/trainer.pth
Saved last model to to results/MEA_Allegro_0/example/last_model.pth

training
# Epoch batch         loss       loss_f       loss_e        f_mae       f_rmse        e_mae      e/N_mae
     10   100       0.0196       0.0177      0.00182       0.0697        0.114         0.63       0.0316
     10   200       0.0886       0.0726        0.016        0.153        0.231         4.71       0.0728
     10   300        0.108       0.0998      0.00797        0.173        0.271         1.21       0.0517
     10   400       0.0581       0.0572     0.000937        0.112        0.205        0.264       0.0203
     10   500       0.0441       0.0402       0.0039        0.115        0.172            1        0.043

validation
# Epoch batch         loss       loss_f       loss_e        f_mae       f_rmse        e_mae      e/N_mae
     10   100       0.0288       0.0268      0.00205       0.0906         0.14        0.537       0.0277


  Train      #    Epoch      wal       LR       loss_f       loss_e         loss        f_mae       f_rmse        e_mae      e/N_mae
! Train              10  294.598    0.001       0.0534      0.00844       0.0618        0.121        0.216         1.43       0.0465
! Validation         10  294.598    0.001       0.0515      0.00441       0.0559        0.127        0.228         1.22       0.0372
Wall time: 294.59948776999954
! Best model       10    0.056
Saved trainer to results/MEA_Allegro_0/example/trainer.pth
Saved last model to to results/MEA_Allegro_0/example/last_model.pth

training
# Epoch batch         loss       loss_f       loss_e        f_mae       f_rmse        e_mae      e/N_mae
     11   100       0.0185       0.0153      0.00323       0.0668        0.106         1.04       0.0321
     11   200       0.0118       0.0101       0.0017       0.0602       0.0864        0.765       0.0317
     11   300       0.0436       0.0408      0.00281        0.114        0.173         1.48       0.0359
     11   400       0.0271       0.0232      0.00391       0.0734        0.131        0.597       0.0332
     11   500      0.00555      0.00389      0.00166       0.0294       0.0535        0.398       0.0271

validation
# Epoch batch         loss       loss_f       loss_e        f_mae       f_rmse        e_mae      e/N_mae
     11   100       0.0277       0.0259      0.00184       0.0894        0.138        0.411        0.023


  Train      #    Epoch      wal       LR       loss_f       loss_e         loss        f_mae       f_rmse        e_mae      e/N_mae
! Train              11  321.930    0.001       0.0512      0.00764       0.0588        0.116        0.208         1.35       0.0442
! Validation         11  321.930    0.001       0.0481       0.0039        0.052        0.122         0.22          1.1       0.0342
Wall time: 321.9310510879732
! Best model       11    0.052
Saved trainer to results/MEA_Allegro_0/example/trainer.pth
Saved last model to to results/MEA_Allegro_0/example/last_model.pth

training
# Epoch batch         loss       loss_f       loss_e        f_mae       f_rmse        e_mae      e/N_mae
